Types.hpp:173:5:touchgfx::Rect::Rect()	16	static
TypedText.hpp:214:17:static void touchgfx::TypedText::registerTexts(const touchgfx::Texts*)	16	static
FontManager.hpp:56:13:touchgfx::FontProvider::~FontProvider()	16	static
FontManager.hpp:56:13:virtual touchgfx::FontProvider::~FontProvider()	16	static
MVPHeap.hpp:52:5:touchgfx::MVPHeap::MVPHeap(touchgfx::AbstractPartition&, touchgfx::AbstractPartition&, touchgfx::AbstractPartition&, touchgfx::MVPApplication&)	24	static
MVPHeap.hpp:69:13:touchgfx::MVPHeap::~MVPHeap()	16	static
MVPHeap.hpp:69:13:virtual touchgfx::MVPHeap::~MVPHeap()	16	static
LCD.hpp:55:13:touchgfx::LCD::~LCD()	16	static
LCD.hpp:55:13:virtual touchgfx::LCD::~LCD()	16	static
UIEventListener.hpp:52:18:virtual void touchgfx::UIEventListener::handleClickEvent(const touchgfx::ClickEvent&)	16	static
UIEventListener.hpp:65:18:virtual void touchgfx::UIEventListener::handleDragEvent(const touchgfx::DragEvent&)	16	static
UIEventListener.hpp:78:18:virtual void touchgfx::UIEventListener::handleGestureEvent(const touchgfx::GestureEvent&)	16	static
UIEventListener.hpp:92:18:virtual void touchgfx::UIEventListener::handleKeyEvent(uint8_t)	16	static
UIEventListener.hpp:104:18:virtual void touchgfx::UIEventListener::handleTickEvent()	16	static
UIEventListener.hpp:115:18:virtual void touchgfx::UIEventListener::handlePendingScreenTransition()	16	static
UIEventListener.hpp:126:13:touchgfx::UIEventListener::~UIEventListener()	16	static
UIEventListener.hpp:126:13:virtual touchgfx::UIEventListener::~UIEventListener()	16	static
Application.hpp:96:18:virtual void touchgfx::Application::appSwitchScreen(uint8_t)	16	static
Callback.hpp:235:13:touchgfx::GenericCallback<void>::~GenericCallback()	16	static
Callback.hpp:235:13:virtual touchgfx::GenericCallback<void>::~GenericCallback()	16	static
Gestures.hpp:48:9:touchgfx::Gestures::DragState::DragState()	16	static
Gestures.hpp:78:5:touchgfx::Gestures::Gestures()	16	static
TouchController.hpp:40:13:touchgfx::TouchController::~TouchController()	16	static
TouchController.hpp:40:13:virtual touchgfx::TouchController::~TouchController()	16	static
HAL.hpp:60:5:touchgfx::HAL::HAL(touchgfx::DMA_Interface&, touchgfx::LCD&, touchgfx::TouchController&, uint16_t, uint16_t)	24	static
HAL.hpp:103:13:touchgfx::HAL::~HAL()	16	static
HAL.hpp:103:13:virtual touchgfx::HAL::~HAL()	16	static
Application.hpp:44:7:touchgfx::Application::~Application()	16	static
Application.hpp:44:7:virtual touchgfx::Application::~Application()	16	static
MVPApplication.hpp:70:13:touchgfx::MVPApplication::~MVPApplication()	16	static
MVPApplication.hpp:70:13:virtual touchgfx::MVPApplication::~MVPApplication()	16	static
MVPApplication.hpp:79:18:virtual void touchgfx::MVPApplication::handlePendingScreenTransition()	16	static
MVPApplication.hpp:97:10:void touchgfx::MVPApplication::evaluatePendingScreenTransition()	16	static
FrontendApplicationBase.hpp:16:13:FrontendApplicationBase::~FrontendApplicationBase()	16	static
FrontendApplicationBase.hpp:16:13:virtual FrontendApplicationBase::~FrontendApplicationBase()	16	static
FrontendApplication.hpp:14:13:FrontendApplication::~FrontendApplication()	16	static
FrontendApplication.hpp:14:13:virtual FrontendApplication::~FrontendApplication()	16	static
FrontendApplication.hpp:16:18:virtual void FrontendApplication::handleTickEvent()	16	static
FrontendHeapBase.hpp:73:18:virtual void FrontendHeapBase::gotoStartScreen(FrontendApplication&)	16	static
FrontendHeapBase.hpp:78:5:FrontendHeapBase::FrontendHeapBase(touchgfx::AbstractPartition&, touchgfx::AbstractPartition&, touchgfx::AbstractPartition&, FrontendApplication&)	32	static
FrontendHeap.hpp:54:29:void __tcf_0()	8	static
FrontendHeap.hpp:52:26:static FrontendHeap& FrontendHeap::getInstance()	8	static
FrontendHeapBase.hpp:31:7:FrontendHeapBase::~FrontendHeapBase()	16	static
FrontendHeapBase.hpp:31:7:virtual FrontendHeapBase::~FrontendHeapBase()	16	static
FrontendHeap.hpp:65:5:FrontendHeap::FrontendHeap()	32	static
LCD24bpp.hpp:50:13:touchgfx::LCD24bpp::~LCD24bpp()	16	static
LCD24bpp.hpp:50:13:virtual touchgfx::LCD24bpp::~LCD24bpp()	16	static
TouchGFXGeneratedHAL.hpp:44:5:TouchGFXGeneratedHAL::TouchGFXGeneratedHAL(touchgfx::DMA_Interface&, touchgfx::LCD&, touchgfx::TouchController&, uint16_t, uint16_t)	32	static
TouchGFXGeneratedHAL.hpp:28:7:TouchGFXGeneratedHAL::~TouchGFXGeneratedHAL()	16	static
TouchGFXGeneratedHAL.hpp:28:7:virtual TouchGFXGeneratedHAL::~TouchGFXGeneratedHAL()	16	static
TouchGFXHAL.hpp:47:5:TouchGFXHAL::TouchGFXHAL(touchgfx::DMA_Interface&, touchgfx::LCD&, touchgfx::TouchController&, uint16_t, uint16_t)	32	static
TouchController.hpp:30:7:constexpr touchgfx::TouchController::TouchController()	16	static
STM32TouchController.hpp:37:5:STM32TouchController::STM32TouchController()	16	static
TouchGFXConfiguration.cpp:38:6:void touchgfx_init()	32	static
TouchGFXConfiguration.cpp:52:6:void touchgfx_taskEntry()	8	static
Partition.hpp:70:5:touchgfx::Partition<ListOfTypes, NUMBER_OF_ELEMENTS>::Partition() [with ListOfTypes = touchgfx::meta::TypeList<MainPresenter, touchgfx::meta::TypeList<touchgfx::meta::Nil, touchgfx::meta::Nil> >; short unsigned int NUMBER_OF_ELEMENTS = 1]	16	static
Partition.hpp:79:13:touchgfx::Partition<ListOfTypes, NUMBER_OF_ELEMENTS>::~Partition() [with ListOfTypes = touchgfx::meta::TypeList<MainPresenter, touchgfx::meta::TypeList<touchgfx::meta::Nil, touchgfx::meta::Nil> >; short unsigned int NUMBER_OF_ELEMENTS = 1]	16	static
Partition.hpp:79:13:touchgfx::Partition<ListOfTypes, NUMBER_OF_ELEMENTS>::~Partition() [with ListOfTypes = touchgfx::meta::TypeList<MainPresenter, touchgfx::meta::TypeList<touchgfx::meta::Nil, touchgfx::meta::Nil> >; short unsigned int NUMBER_OF_ELEMENTS = 1]	16	static
Partition.hpp:70:5:touchgfx::Partition<ListOfTypes, NUMBER_OF_ELEMENTS>::Partition() [with ListOfTypes = touchgfx::meta::TypeList<MainView, touchgfx::meta::TypeList<touchgfx::meta::Nil, touchgfx::meta::Nil> >; short unsigned int NUMBER_OF_ELEMENTS = 1]	16	static
Partition.hpp:79:13:touchgfx::Partition<ListOfTypes, NUMBER_OF_ELEMENTS>::~Partition() [with ListOfTypes = touchgfx::meta::TypeList<MainView, touchgfx::meta::TypeList<touchgfx::meta::Nil, touchgfx::meta::Nil> >; short unsigned int NUMBER_OF_ELEMENTS = 1]	16	static
Partition.hpp:79:13:touchgfx::Partition<ListOfTypes, NUMBER_OF_ELEMENTS>::~Partition() [with ListOfTypes = touchgfx::meta::TypeList<MainView, touchgfx::meta::TypeList<touchgfx::meta::Nil, touchgfx::meta::Nil> >; short unsigned int NUMBER_OF_ELEMENTS = 1]	16	static
Partition.hpp:70:5:touchgfx::Partition<ListOfTypes, NUMBER_OF_ELEMENTS>::Partition() [with ListOfTypes = touchgfx::meta::TypeList<touchgfx::NoTransition, touchgfx::meta::TypeList<touchgfx::meta::Nil, touchgfx::meta::Nil> >; short unsigned int NUMBER_OF_ELEMENTS = 1]	16	static
Partition.hpp:79:13:touchgfx::Partition<ListOfTypes, NUMBER_OF_ELEMENTS>::~Partition() [with ListOfTypes = touchgfx::meta::TypeList<touchgfx::NoTransition, touchgfx::meta::TypeList<touchgfx::meta::Nil, touchgfx::meta::Nil> >; short unsigned int NUMBER_OF_ELEMENTS = 1]	16	static
Partition.hpp:79:13:touchgfx::Partition<ListOfTypes, NUMBER_OF_ELEMENTS>::~Partition() [with ListOfTypes = touchgfx::meta::TypeList<touchgfx::NoTransition, touchgfx::meta::TypeList<touchgfx::meta::Nil, touchgfx::meta::Nil> >; short unsigned int NUMBER_OF_ELEMENTS = 1]	16	static
FrontendHeap.hpp:6:7:FrontendHeap::~FrontendHeap()	16	static
FrontendHeap.hpp:6:7:virtual FrontendHeap::~FrontendHeap()	16	static
TouchGFXHAL.hpp:31:7:TouchGFXHAL::~TouchGFXHAL()	16	static
TouchGFXHAL.hpp:31:7:virtual TouchGFXHAL::~TouchGFXHAL()	16	static
STM32TouchController.hpp:33:7:STM32TouchController::~STM32TouchController()	16	static
STM32TouchController.hpp:33:7:virtual STM32TouchController::~STM32TouchController()	16	static
TouchGFXConfiguration.cpp:61:1:void __static_initialization_and_destruction_0(int, int)	24	static
Callback.hpp:557:8:touchgfx::Callback<FrontendApplicationBase>::~Callback()	16	static
Callback.hpp:557:8:virtual touchgfx::Callback<FrontendApplicationBase>::~Callback()	16	static
ApplicationFontProvider.hpp:30:7:ApplicationFontProvider::~ApplicationFontProvider()	16	static
ApplicationFontProvider.hpp:30:7:virtual ApplicationFontProvider::~ApplicationFontProvider()	16	static
Partition.hpp:94:22:uint16_t touchgfx::Partition<ListOfTypes, NUMBER_OF_ELEMENTS>::capacity() const [with ListOfTypes = touchgfx::meta::TypeList<touchgfx::NoTransition, touchgfx::meta::TypeList<touchgfx::meta::Nil, touchgfx::meta::Nil> >; short unsigned int NUMBER_OF_ELEMENTS = 1]	16	static
Partition.hpp:110:22:uint32_t touchgfx::Partition<ListOfTypes, NUMBER_OF_ELEMENTS>::element_size() [with ListOfTypes = touchgfx::meta::TypeList<touchgfx::NoTransition, touchgfx::meta::TypeList<touchgfx::meta::Nil, touchgfx::meta::Nil> >; short unsigned int NUMBER_OF_ELEMENTS = 1]	16	static
Partition.hpp:128:19:void* touchgfx::Partition<ListOfTypes, NUMBER_OF_ELEMENTS>::element(uint16_t) [with ListOfTypes = touchgfx::meta::TypeList<touchgfx::NoTransition, touchgfx::meta::TypeList<touchgfx::meta::Nil, touchgfx::meta::Nil> >; short unsigned int NUMBER_OF_ELEMENTS = 1]	16	static
Partition.hpp:144:25:const void* touchgfx::Partition<ListOfTypes, NUMBER_OF_ELEMENTS>::element(uint16_t) const [with ListOfTypes = touchgfx::meta::TypeList<touchgfx::NoTransition, touchgfx::meta::TypeList<touchgfx::meta::Nil, touchgfx::meta::Nil> >; short unsigned int NUMBER_OF_ELEMENTS = 1]	16	static
Partition.hpp:94:22:uint16_t touchgfx::Partition<ListOfTypes, NUMBER_OF_ELEMENTS>::capacity() const [with ListOfTypes = touchgfx::meta::TypeList<MainView, touchgfx::meta::TypeList<touchgfx::meta::Nil, touchgfx::meta::Nil> >; short unsigned int NUMBER_OF_ELEMENTS = 1]	16	static
Partition.hpp:110:22:uint32_t touchgfx::Partition<ListOfTypes, NUMBER_OF_ELEMENTS>::element_size() [with ListOfTypes = touchgfx::meta::TypeList<MainView, touchgfx::meta::TypeList<touchgfx::meta::Nil, touchgfx::meta::Nil> >; short unsigned int NUMBER_OF_ELEMENTS = 1]	16	static
Partition.hpp:128:19:void* touchgfx::Partition<ListOfTypes, NUMBER_OF_ELEMENTS>::element(uint16_t) [with ListOfTypes = touchgfx::meta::TypeList<MainView, touchgfx::meta::TypeList<touchgfx::meta::Nil, touchgfx::meta::Nil> >; short unsigned int NUMBER_OF_ELEMENTS = 1]	16	static
Partition.hpp:144:25:const void* touchgfx::Partition<ListOfTypes, NUMBER_OF_ELEMENTS>::element(uint16_t) const [with ListOfTypes = touchgfx::meta::TypeList<MainView, touchgfx::meta::TypeList<touchgfx::meta::Nil, touchgfx::meta::Nil> >; short unsigned int NUMBER_OF_ELEMENTS = 1]	16	static
Partition.hpp:94:22:uint16_t touchgfx::Partition<ListOfTypes, NUMBER_OF_ELEMENTS>::capacity() const [with ListOfTypes = touchgfx::meta::TypeList<MainPresenter, touchgfx::meta::TypeList<touchgfx::meta::Nil, touchgfx::meta::Nil> >; short unsigned int NUMBER_OF_ELEMENTS = 1]	16	static
Partition.hpp:110:22:uint32_t touchgfx::Partition<ListOfTypes, NUMBER_OF_ELEMENTS>::element_size() [with ListOfTypes = touchgfx::meta::TypeList<MainPresenter, touchgfx::meta::TypeList<touchgfx::meta::Nil, touchgfx::meta::Nil> >; short unsigned int NUMBER_OF_ELEMENTS = 1]	16	static
Partition.hpp:128:19:void* touchgfx::Partition<ListOfTypes, NUMBER_OF_ELEMENTS>::element(uint16_t) [with ListOfTypes = touchgfx::meta::TypeList<MainPresenter, touchgfx::meta::TypeList<touchgfx::meta::Nil, touchgfx::meta::Nil> >; short unsigned int NUMBER_OF_ELEMENTS = 1]	16	static
Partition.hpp:144:25:const void* touchgfx::Partition<ListOfTypes, NUMBER_OF_ELEMENTS>::element(uint16_t) const [with ListOfTypes = touchgfx::meta::TypeList<MainPresenter, touchgfx::meta::TypeList<touchgfx::meta::Nil, touchgfx::meta::Nil> >; short unsigned int NUMBER_OF_ELEMENTS = 1]	16	static
Callback.hpp:595:18:void touchgfx::Callback<dest_type, void, void, void>::execute() [with dest_type = FrontendApplicationBase]	16	static
Callback.hpp:609:18:bool touchgfx::Callback<dest_type, void, void, void>::isValid() const [with dest_type = FrontendApplicationBase]	16	static
TouchGFXConfiguration.cpp:61:1:cpp)	8	static
TouchGFXConfiguration.cpp:61:1:cpp)	8	static
