main.c:160:6:updateDemoValues	16	static
main.c:178:6:SecondTask	112	static
main.c:206:5:main	72	static
main.c:308:6:SystemClock_Config	216	static
main.c:387:13:MX_ADC3_Init	24	static
main.c:437:13:MX_CAN1_Init	48	static
main.c:498:5:getLittleEndianIntegerFromByteArray	16	static
main.c:506:5:getRpmFromCanData	24	static
main.c:512:5:getTpsFromCanData	24	static
main.c:520:5:getVehicleSpeedFromCanData	24	static
main.c:526:5:getOilTempFromCanData	16	static
main.c:531:7:getOilPressFromCanData	24	static
main.c:538:7:getFuelPressFromCanData	24	static
main.c:545:5:getCltFromCanData	24	static
main.c:551:7:getBattVoltageFromCanData	24	static
main.c:558:7:getLambdaFromCanData	24	static
main.c:565:7:getEgtFromCanData	24	static
main.c:571:7:getLambdaTargetFromCanData	24	static
main.c:585:6:HAL_CAN_RxFifo0MsgPendingCallback	16	static
main.c:633:13:MX_CRC_Init	8	static
main.c:664:13:MX_DCMI_Init	8	static
main.c:701:13:MX_DMA2D_Init	8	static
main.c:738:13:MX_LTDC_Init	64	static
main.c:800:13:MX_QUADSPI_Init	8	static
main.c:835:13:MX_RTC_Init	80	static
main.c:928:13:MX_SAI2_Init	8	static
main.c:1003:13:MX_SDMMC1_SD_Init	4	static
main.c:1031:13:MX_SPDIFRX_Init	8	static
main.c:1067:13:MX_SPI2_Init	8	static
main.c:1107:13:MX_TIM1_Init	112	static
main.c:1187:13:MX_TIM2_Init	64	static
main.c:1246:13:MX_TIM3_Init	64	static
main.c:1305:13:MX_TIM5_Init	64	static
main.c:1364:13:MX_TIM8_Init	40	static
main.c:1411:13:MX_TIM12_Init	40	static
main.c:1453:13:MX_USART1_UART_Init	8	static
main.c:1488:13:MX_USART6_UART_Init	8	static
main.c:1519:13:MX_FMC_Init	40	static
main.c:1623:13:MX_GPIO_Init	72	static
main.c:1828:6:StartDefaultTask	16	static
main.c:1849:6:HAL_TIM_PeriodElapsedCallback	16	static
main.c:1866:6:Error_Handler	4	static
