main.c:170:6:SecondTask	64	static
main.c:188:5:main	72	static
main.c:290:6:SystemClock_Config	216	static
main.c:369:13:MX_ADC3_Init	24	static
main.c:419:13:MX_CAN1_Init	48	static
main.c:487:6:HAL_CAN_RxFifo0MsgPendingCallback	48	static
main.c:555:13:MX_CRC_Init	8	static
main.c:586:13:MX_DCMI_Init	8	static
main.c:623:13:MX_DMA2D_Init	8	static
main.c:660:13:MX_LTDC_Init	64	static
main.c:722:13:MX_QUADSPI_Init	8	static
main.c:757:13:MX_RTC_Init	80	static
main.c:850:13:MX_SAI2_Init	8	static
main.c:925:13:MX_SDMMC1_SD_Init	4	static
main.c:953:13:MX_SPDIFRX_Init	8	static
main.c:989:13:MX_SPI2_Init	8	static
main.c:1029:13:MX_TIM1_Init	112	static
main.c:1109:13:MX_TIM2_Init	64	static
main.c:1168:13:MX_TIM3_Init	64	static
main.c:1227:13:MX_TIM5_Init	64	static
main.c:1286:13:MX_TIM8_Init	40	static
main.c:1333:13:MX_TIM12_Init	40	static
main.c:1375:13:MX_USART1_UART_Init	8	static
main.c:1410:13:MX_USART6_UART_Init	8	static
main.c:1441:13:MX_FMC_Init	40	static
main.c:1545:13:MX_GPIO_Init	72	static
main.c:1750:6:StartDefaultTask	16	static
main.c:1771:6:HAL_TIM_PeriodElapsedCallback	16	static
main.c:1788:6:Error_Handler	4	static
