main.c:160:6:updateDemoValues	16	static
main.c:178:6:SecondTask	120	static
main.c:206:5:main	72	static
main.c:308:6:SystemClock_Config	216	static
main.c:387:13:MX_ADC3_Init	24	static
main.c:437:13:MX_CAN1_Init	48	static
main.c:498:5:getMapFromCanData	24	static
main.c:504:5:getRpmFromCanData	24	static
main.c:510:5:getTpsFromCanData	24	static
main.c:518:5:getVehicleSpeedFromCanData	24	static
main.c:524:5:getOilTempFromCanData	16	static
main.c:529:7:getOilPressFromCanData	24	static
main.c:536:7:getFuelPressFromCanData	24	static
main.c:543:5:getCltFromCanData	24	static
main.c:549:7:getBattVoltageFromCanData	24	static
main.c:556:7:getLambdaFromCanData	24	static
main.c:563:7:getEgtFromCanData	24	static
main.c:569:7:getLambdaTargetFromCanData	24	static
main.c:583:6:HAL_CAN_RxFifo0MsgPendingCallback	16	static
main.c:631:13:MX_CRC_Init	8	static
main.c:662:13:MX_DCMI_Init	8	static
main.c:699:13:MX_DMA2D_Init	8	static
main.c:736:13:MX_LTDC_Init	64	static
main.c:798:13:MX_QUADSPI_Init	8	static
main.c:833:13:MX_RTC_Init	80	static
main.c:926:13:MX_SAI2_Init	8	static
main.c:1001:13:MX_SDMMC1_SD_Init	4	static
main.c:1029:13:MX_SPDIFRX_Init	8	static
main.c:1065:13:MX_SPI2_Init	8	static
main.c:1105:13:MX_TIM1_Init	112	static
main.c:1185:13:MX_TIM2_Init	64	static
main.c:1244:13:MX_TIM3_Init	64	static
main.c:1303:13:MX_TIM5_Init	64	static
main.c:1362:13:MX_TIM8_Init	40	static
main.c:1409:13:MX_TIM12_Init	40	static
main.c:1451:13:MX_USART1_UART_Init	8	static
main.c:1486:13:MX_USART6_UART_Init	8	static
main.c:1517:13:MX_FMC_Init	40	static
main.c:1621:13:MX_GPIO_Init	72	static
main.c:1826:6:StartDefaultTask	16	static
main.c:1847:6:HAL_TIM_PeriodElapsedCallback	16	static
main.c:1864:6:Error_Handler	4	static
