main.c:157:6:SecondTask	72	static
main.c:192:5:main	72	static
main.c:294:6:SystemClock_Config	216	static
main.c:373:13:MX_ADC3_Init	24	static
main.c:423:13:MX_CAN1_Init	48	static
main.c:491:6:HAL_CAN_RxFifo0MsgPendingCallback	48	static
main.c:559:13:MX_CRC_Init	8	static
main.c:590:13:MX_DCMI_Init	8	static
main.c:627:13:MX_DMA2D_Init	8	static
main.c:664:13:MX_LTDC_Init	64	static
main.c:726:13:MX_QUADSPI_Init	8	static
main.c:761:13:MX_RTC_Init	80	static
main.c:854:13:MX_SAI2_Init	8	static
main.c:929:13:MX_SDMMC1_SD_Init	4	static
main.c:957:13:MX_SPDIFRX_Init	8	static
main.c:993:13:MX_SPI2_Init	8	static
main.c:1033:13:MX_TIM1_Init	112	static
main.c:1113:13:MX_TIM2_Init	64	static
main.c:1172:13:MX_TIM3_Init	64	static
main.c:1231:13:MX_TIM5_Init	64	static
main.c:1290:13:MX_TIM8_Init	40	static
main.c:1337:13:MX_TIM12_Init	40	static
main.c:1379:13:MX_USART1_UART_Init	8	static
main.c:1414:13:MX_USART6_UART_Init	8	static
main.c:1445:13:MX_FMC_Init	40	static
main.c:1549:13:MX_GPIO_Init	72	static
main.c:1754:6:StartDefaultTask	16	static
main.c:1775:6:HAL_TIM_PeriodElapsedCallback	16	static
main.c:1792:6:Error_Handler	4	static
