stm32f7xx_hal_msp.c:66:6:HAL_MspInit	16	static
stm32f7xx_hal_msp.c:90:6:HAL_ADC_MspInit	48	static
stm32f7xx_hal_msp.c:135:6:HAL_ADC_MspDeInit	16	static
stm32f7xx_hal_msp.c:171:6:HAL_CAN_MspInit	48	static
stm32f7xx_hal_msp.c:210:6:HAL_CAN_MspDeInit	16	static
stm32f7xx_hal_msp.c:241:6:HAL_CRC_MspInit	24	static
stm32f7xx_hal_msp.c:263:6:HAL_CRC_MspDeInit	16	static
stm32f7xx_hal_msp.c:285:6:HAL_DCMI_MspInit	64	static
stm32f7xx_hal_msp.c:363:6:HAL_DCMI_MspDeInit	16	static
stm32f7xx_hal_msp.c:410:6:HAL_DMA2D_MspInit	24	static
stm32f7xx_hal_msp.c:435:6:HAL_DMA2D_MspDeInit	16	static
stm32f7xx_hal_msp.c:460:6:HAL_LTDC_MspInit	64	static
stm32f7xx_hal_msp.c:561:6:HAL_LTDC_MspDeInit	16	static
stm32f7xx_hal_msp.c:630:6:HAL_QSPI_MspInit	56	static
stm32f7xx_hal_msp.c:693:6:HAL_QSPI_MspDeInit	16	static
stm32f7xx_hal_msp.c:730:6:HAL_RTC_MspInit	16	static
stm32f7xx_hal_msp.c:752:6:HAL_RTC_MspDeInit	16	static
stm32f7xx_hal_msp.c:774:6:HAL_SD_MspInit	48	static
stm32f7xx_hal_msp.c:823:6:HAL_SD_MspDeInit	16	static
stm32f7xx_hal_msp.c:859:6:HAL_SPDIFRX_MspInit	48	static
stm32f7xx_hal_msp.c:894:6:HAL_SPDIFRX_MspDeInit	16	static
stm32f7xx_hal_msp.c:922:6:HAL_SPI_MspInit	48	static
stm32f7xx_hal_msp.c:967:6:HAL_SPI_MspDeInit	16	static
stm32f7xx_hal_msp.c:999:6:HAL_TIM_Base_MspInit	40	static
stm32f7xx_hal_msp.c:1065:6:HAL_TIM_PWM_MspInit	24	static
stm32f7xx_hal_msp.c:1081:6:HAL_TIM_MspPostInit	56	static
stm32f7xx_hal_msp.c:1196:6:HAL_TIM_Base_MspDeInit	16	static
stm32f7xx_hal_msp.c:1262:6:HAL_TIM_PWM_MspDeInit	16	static
stm32f7xx_hal_msp.c:1284:6:HAL_UART_MspInit	56	static
stm32f7xx_hal_msp.c:1352:6:HAL_UART_MspDeInit	16	static
stm32f7xx_hal_msp.c:1397:13:HAL_FMC_MspInit	32	static
stm32f7xx_hal_msp.c:1503:6:HAL_SDRAM_MspInit	16	static
stm32f7xx_hal_msp.c:1515:13:HAL_FMC_MspDeInit	8	static
stm32f7xx_hal_msp.c:1589:6:HAL_SDRAM_MspDeInit	16	static
stm32f7xx_hal_msp.c:1601:6:HAL_SAI_MspInit	48	static
stm32f7xx_hal_msp.c:1651:6:HAL_SAI_MspDeInit	16	static
