stm32f7xx_hal_rtc.c:242:19:HAL_RTC_Init	16	static
stm32f7xx_hal_rtc.c:347:19:HAL_RTC_DeInit	24	static
stm32f7xx_hal_rtc.c:671:13:HAL_RTC_MspInit	16	static
stm32f7xx_hal_rtc.c:687:13:HAL_RTC_MspDeInit	16	static
stm32f7xx_hal_rtc.c:726:19:HAL_RTC_SetTime	40	static
stm32f7xx_hal_rtc.c:860:19:HAL_RTC_GetTime	32	static
stm32f7xx_hal_rtc.c:905:19:HAL_RTC_SetDate	40	static
stm32f7xx_hal_rtc.c:1015:19:HAL_RTC_GetDate	32	static
stm32f7xx_hal_rtc.c:1070:19:HAL_RTC_SetAlarm	48	static
stm32f7xx_hal_rtc.c:1256:19:HAL_RTC_SetAlarm_IT	48	static
stm32f7xx_hal_rtc.c:1439:19:HAL_RTC_DeactivateAlarm	24	static
stm32f7xx_hal_rtc.c:1536:19:HAL_RTC_GetAlarm	32	static
stm32f7xx_hal_rtc.c:1587:6:HAL_RTC_AlarmIRQHandler	16	static
stm32f7xx_hal_rtc.c:1638:13:HAL_RTC_AlarmAEventCallback	16	static
stm32f7xx_hal_rtc.c:1655:19:HAL_RTC_PollForAlarmAEvent	24	static
stm32f7xx_hal_rtc.c:1717:19:HAL_RTC_WaitForSynchro	24	static
stm32f7xx_hal_rtc.c:1763:21:HAL_RTC_GetState	16	static
stm32f7xx_hal_rtc.c:1780:19:RTC_EnterInitMode	24	static
stm32f7xx_hal_rtc.c:1812:9:RTC_ByteToBcd2	24	static
stm32f7xx_hal_rtc.c:1830:9:RTC_Bcd2ToByte	24	static
