stm32f7xx_hal_qspi.c:291:19:HAL_QSPI_Init	32	static
stm32f7xx_hal_qspi.c:392:19:HAL_QSPI_DeInit	16	static
stm32f7xx_hal_qspi.c:433:13:HAL_QSPI_MspInit	16	static
stm32f7xx_hal_qspi.c:448:13:HAL_QSPI_MspDeInit	16	static
stm32f7xx_hal_qspi.c:487:6:HAL_QSPI_IRQHandler	32	static
stm32f7xx_hal_qspi.c:784:19:HAL_QSPI_Command	40	static
stm32f7xx_hal_qspi.c:873:19:HAL_QSPI_Command_IT	32	static
stm32f7xx_hal_qspi.c:973:19:HAL_QSPI_Transmit	48	static
stm32f7xx_hal_qspi.c:1060:19:HAL_QSPI_Receive	48	static
stm32f7xx_hal_qspi.c:1149:19:HAL_QSPI_Transmit_IT	24	static
stm32f7xx_hal_qspi.c:1209:19:HAL_QSPI_Receive_IT	24	static
stm32f7xx_hal_qspi.c:1277:19:HAL_QSPI_Transmit_DMA	24	static
stm32f7xx_hal_qspi.c:1421:19:HAL_QSPI_Receive_DMA	32	static
stm32f7xx_hal_qspi.c:1567:19:HAL_QSPI_AutoPolling	40	static
stm32f7xx_hal_qspi.c:1667:19:HAL_QSPI_AutoPolling_IT	40	static
stm32f7xx_hal_qspi.c:1771:19:HAL_QSPI_MemoryMapped	40	static
stm32f7xx_hal_qspi.c:1857:13:HAL_QSPI_ErrorCallback	16	static
stm32f7xx_hal_qspi.c:1872:13:HAL_QSPI_AbortCpltCallback	16	static
stm32f7xx_hal_qspi.c:1887:13:HAL_QSPI_CmdCpltCallback	16	static
stm32f7xx_hal_qspi.c:1902:13:HAL_QSPI_RxCpltCallback	16	static
stm32f7xx_hal_qspi.c:1917:13:HAL_QSPI_TxCpltCallback	16	static
stm32f7xx_hal_qspi.c:1932:13:HAL_QSPI_RxHalfCpltCallback	16	static
stm32f7xx_hal_qspi.c:1947:13:HAL_QSPI_TxHalfCpltCallback	16	static
stm32f7xx_hal_qspi.c:1962:13:HAL_QSPI_FifoThresholdCallback	16	static
stm32f7xx_hal_qspi.c:1977:13:HAL_QSPI_StatusMatchCallback	16	static
stm32f7xx_hal_qspi.c:1992:13:HAL_QSPI_TimeOutCallback	16	static
stm32f7xx_hal_qspi.c:2250:23:HAL_QSPI_GetState	16	static
stm32f7xx_hal_qspi.c:2261:10:HAL_QSPI_GetError	16	static
stm32f7xx_hal_qspi.c:2271:19:HAL_QSPI_Abort	32	static
stm32f7xx_hal_qspi.c:2327:19:HAL_QSPI_Abort_IT	24	static
stm32f7xx_hal_qspi.c:2383:6:HAL_QSPI_SetTimeout	16	static
stm32f7xx_hal_qspi.c:2393:19:HAL_QSPI_SetFifoThreshold	24	static
stm32f7xx_hal_qspi.c:2425:10:HAL_QSPI_GetFifoThreshold	16	static
stm32f7xx_hal_qspi.c:2437:19:HAL_QSPI_SetFlashID	24	static
stm32f7xx_hal_qspi.c:2484:13:QSPI_DMARxCplt	24	static
stm32f7xx_hal_qspi.c:2498:13:QSPI_DMATxCplt	24	static
stm32f7xx_hal_qspi.c:2512:13:QSPI_DMARxHalfCplt	24	static
stm32f7xx_hal_qspi.c:2528:13:QSPI_DMATxHalfCplt	24	static
stm32f7xx_hal_qspi.c:2544:13:QSPI_DMAError	24	static
stm32f7xx_hal_qspi.c:2569:13:QSPI_DMAAbortCplt	24	static
stm32f7xx_hal_qspi.c:2612:26:QSPI_WaitFlagStateUntilTimeout	24	static
stm32f7xx_hal_qspi.c:2645:13:QSPI_Config	24	static
