stm32f7xx_hal_adc.c:322:19:HAL_ADC_Init	24	static
stm32f7xx_hal_adc.c:416:19:HAL_ADC_DeInit	24	static
stm32f7xx_hal_adc.c:473:13:HAL_ADC_MspInit	16	static
stm32f7xx_hal_adc.c:488:13:HAL_ADC_MspDeInit	16	static
stm32f7xx_hal_adc.c:730:19:HAL_ADC_Start	24	static
stm32f7xx_hal_adc.c:843:19:HAL_ADC_Stop	16	static
stm32f7xx_hal_adc.c:886:19:HAL_ADC_PollForConversion	24	static
stm32f7xx_hal_adc.c:971:19:HAL_ADC_PollForEvent	32	static
stm32f7xx_hal_adc.c:1033:19:HAL_ADC_Start_IT	24	static
stm32f7xx_hal_adc.c:1148:19:HAL_ADC_Stop_IT	16	static
stm32f7xx_hal_adc.c:1185:6:HAL_ADC_IRQHandler	24	static
stm32f7xx_hal_adc.c:1347:19:HAL_ADC_Start_DMA	32	static
stm32f7xx_hal_adc.c:1477:19:HAL_ADC_Stop_DMA	24	static
stm32f7xx_hal_adc.c:1523:10:HAL_ADC_GetValue	16	static
stm32f7xx_hal_adc.c:1535:13:HAL_ADC_ConvCpltCallback	16	static
stm32f7xx_hal_adc.c:1550:13:HAL_ADC_ConvHalfCpltCallback	16	static
stm32f7xx_hal_adc.c:1565:13:HAL_ADC_LevelOutOfWindowCallback	16	static
stm32f7xx_hal_adc.c:1586:13:HAL_ADC_ErrorCallback	16	static
stm32f7xx_hal_adc.c:1624:19:HAL_ADC_ConfigChannel	24	static
stm32f7xx_hal_adc.c:1745:19:HAL_ADC_AnalogWDGConfig	16	static
stm32f7xx_hal_adc.c:1827:10:HAL_ADC_GetState	16	static
stm32f7xx_hal_adc.c:1839:10:HAL_ADC_GetError	16	static
stm32f7xx_hal_adc.c:1865:13:ADC_Init	16	static
stm32f7xx_hal_adc.c:1946:13:ADC_DMAConvCplt	24	static
stm32f7xx_hal_adc.c:2015:13:ADC_DMAHalfConvCplt	24	static
stm32f7xx_hal_adc.c:2032:13:ADC_DMAError	24	static
