stm32f7xx_hal_sd.c:335:19:HAL_SD_Init	16	static
stm32f7xx_hal_sd.c:403:19:HAL_SD_InitCard	72	static
stm32f7xx_hal_sd.c:459:19:HAL_SD_DeInit	16	static
stm32f7xx_hal_sd.c:500:13:HAL_SD_MspInit	16	static
stm32f7xx_hal_sd.c:515:13:HAL_SD_MspDeInit	16	static
stm32f7xx_hal_sd.c:556:19:HAL_SD_ReadBlocks	80	static
stm32f7xx_hal_sd.c:778:19:HAL_SD_WriteBlocks	80	static
stm32f7xx_hal_sd.c:973:19:HAL_SD_ReadBlocks_IT	56	static
stm32f7xx_hal_sd.c:1076:19:HAL_SD_WriteBlocks_IT	56	static
stm32f7xx_hal_sd.c:1180:19:HAL_SD_ReadBlocks_DMA	56	static
stm32f7xx_hal_sd.c:1304:19:HAL_SD_WriteBlocks_DMA	56	static
stm32f7xx_hal_sd.c:1426:19:HAL_SD_Erase	40	static
stm32f7xx_hal_sd.c:1528:6:HAL_SD_IRQHandler	24	static
stm32f7xx_hal_sd.c:1719:21:HAL_SD_GetState	16	static
stm32f7xx_hal_sd.c:1730:10:HAL_SD_GetError	16	static
stm32f7xx_hal_sd.c:1740:13:HAL_SD_TxCpltCallback	16	static
stm32f7xx_hal_sd.c:1755:13:HAL_SD_RxCpltCallback	16	static
stm32f7xx_hal_sd.c:1770:13:HAL_SD_ErrorCallback	16	static
stm32f7xx_hal_sd.c:1785:13:HAL_SD_AbortCallback	16	static
stm32f7xx_hal_sd.c:1996:19:HAL_SD_GetCardCID	16	static
stm32f7xx_hal_sd.c:2029:19:HAL_SD_GetCardCSD	16	static
stm32f7xx_hal_sd.c:2143:19:HAL_SD_GetCardStatus	88	static
stm32f7xx_hal_sd.c:2191:19:HAL_SD_GetCardInfo	16	static
stm32f7xx_hal_sd.c:2216:19:HAL_SD_ConfigWideBusOperation	72	static
stm32f7xx_hal_sd.c:2287:25:HAL_SD_GetCardState	32	static
stm32f7xx_hal_sd.c:2310:19:HAL_SD_Abort	24	static
stm32f7xx_hal_sd.c:2374:19:HAL_SD_Abort_IT	24	static
stm32f7xx_hal_sd.c:2461:13:SD_DMATransmitCplt	24	static
stm32f7xx_hal_sd.c:2474:13:SD_DMAReceiveCplt	24	static
stm32f7xx_hal_sd.c:2516:13:SD_DMAError	32	static
stm32f7xx_hal_sd.c:2560:13:SD_DMATxAbort	24	static
stm32f7xx_hal_sd.c:2599:13:SD_DMARxAbort	24	static
stm32f7xx_hal_sd.c:2638:17:SD_InitCard	96	static
stm32f7xx_hal_sd.c:2730:17:SD_PowerON	32	static
stm32f7xx_hal_sd.c:2820:13:SD_PowerOFF	16	static
stm32f7xx_hal_sd.c:2833:17:SD_SendSDStatus	56	static
stm32f7xx_hal_sd.c:2939:17:SD_SendStatus	24	static
stm32f7xx_hal_sd.c:2966:17:SD_WideBus_Enable	32	static
stm32f7xx_hal_sd.c:3013:17:SD_WideBus_Disable	32	static
stm32f7xx_hal_sd.c:3062:17:SD_FindSCR	72	static
stm32f7xx_hal_sd.c:3155:13:SD_Read_IT	32	static
stm32f7xx_hal_sd.c:3194:13:SD_Write_IT	32	static
