stm32f7xx_hal_spdifrx.c:236:19:HAL_SPDIFRX_Init	24	static
stm32f7xx_hal_spdifrx.c:331:19:HAL_SPDIFRX_DeInit	16	static
stm32f7xx_hal_spdifrx.c:376:13:HAL_SPDIFRX_MspInit	16	static
stm32f7xx_hal_spdifrx.c:391:13:HAL_SPDIFRX_MspDeInit	16	static
stm32f7xx_hal_spdifrx.c:599:19:HAL_SPDIFRX_SetDataFormat	24	static
stm32f7xx_hal_spdifrx.c:698:19:HAL_SPDIFRX_ReceiveDataFlow	48	static
stm32f7xx_hal_spdifrx.c:771:19:HAL_SPDIFRX_ReceiveControlFlow	48	static
stm32f7xx_hal_spdifrx.c:842:19:HAL_SPDIFRX_ReceiveDataFlow_IT	32	static
stm32f7xx_hal_spdifrx.c:927:19:HAL_SPDIFRX_ReceiveControlFlow_IT	32	static
stm32f7xx_hal_spdifrx.c:1012:19:HAL_SPDIFRX_ReceiveDataFlow_DMA	40	static
stm32f7xx_hal_spdifrx.c:1113:19:HAL_SPDIFRX_ReceiveControlFlow_DMA	40	static
stm32f7xx_hal_spdifrx.c:1212:19:HAL_SPDIFRX_DMAStop	16	static
stm32f7xx_hal_spdifrx.c:1241:6:HAL_SPDIFRX_IRQHandler	24	static
stm32f7xx_hal_spdifrx.c:1290:13:HAL_SPDIFRX_RxHalfCpltCallback	16	static
stm32f7xx_hal_spdifrx.c:1305:13:HAL_SPDIFRX_RxCpltCallback	16	static
stm32f7xx_hal_spdifrx.c:1320:13:HAL_SPDIFRX_CxHalfCpltCallback	16	static
stm32f7xx_hal_spdifrx.c:1335:13:HAL_SPDIFRX_CxCpltCallback	16	static
stm32f7xx_hal_spdifrx.c:1350:13:HAL_SPDIFRX_ErrorCallback	16	static
stm32f7xx_hal_spdifrx.c:1384:26:HAL_SPDIFRX_GetState	16	static
stm32f7xx_hal_spdifrx.c:1394:10:HAL_SPDIFRX_GetError	16	static
stm32f7xx_hal_spdifrx.c:1408:13:SPDIFRX_DMARxCplt	24	static
stm32f7xx_hal_spdifrx.c:1431:13:SPDIFRX_DMARxHalfCplt	24	static
stm32f7xx_hal_spdifrx.c:1448:13:SPDIFRX_DMACxCplt	24	static
stm32f7xx_hal_spdifrx.c:1469:13:SPDIFRX_DMACxHalfCplt	24	static
stm32f7xx_hal_spdifrx.c:1485:13:SPDIFRX_DMAError	24	static
stm32f7xx_hal_spdifrx.c:1512:13:SPDIFRX_ReceiveDataFlow_IT	16	static
stm32f7xx_hal_spdifrx.c:1542:13:SPDIFRX_ReceiveControlFlow_IT	16	static
stm32f7xx_hal_spdifrx.c:1576:26:SPDIFRX_WaitOnFlagUntilTimeout	24	static
